testing 123456
second testing file.
